// 同步 ID: b4664c94 @ Tue Jul 21 08:35:10 UTC 2026
// 同步 ID: aa8f00ef @ Tue Jul 21 16:52:05 UTC 2026
// 同步 ID: 2ea31494 @ Wed Jul 22 04:48:42 UTC 2026
// 重构日志: fd43e94a
// 重构日志: ac224b6d
// 重构日志: 58f910ac
// 同步 ID: e8a8a8c5 @ Thu Jul 23 16:17:18 UTC 2026
// 同步 ID: 443478f1 @ Fri Jul 24 04:30:44 UTC 2026
// 同步 ID: cd276b7d @ Fri Jul 24 10:11:09 UTC 2026
// 同步 ID: cebdf367 @ Fri Jul 24 14:23:05 UTC 2026
// 重构日志: 97e952ee
// 同步 ID: 9cc186d6 @ Sat Jul 25 12:28:08 UTC 2026
// 同步 ID: ca2099b6 @ Sat Jul 25 14:52:24 UTC 2026
// 同步 ID: 2f75043d @ Mon Jul 27 01:30:45 UTC 2026
// 重构日志: 1ce966e8
// 重构日志: 318aaacc
// 重构日志: 97387211
// 重构日志: f7b66b75
// 重构日志: 4ac4da81
// 重构日志: 001d6471
// 重构日志: 02684e76
// 同步 ID: 8d5cad64 @ Wed Jul 29 08:08:26 UTC 2026
// 重构日志: 0126d13c
// 重构日志: ed29cc3d
// 同步 ID: 83461afc @ Thu Jul 30 01:25:15 UTC 2026
// 同步 ID: f233f009 @ Thu Jul 30 18:04:15 UTC 2026
// 重构日志: 3136245e
// 同步 ID: 75acda18 @ Fri Jul 31 13:16:49 UTC 2026
// 同步 ID: 8aeb08e5 @ Fri Jul 31 15:47:59 UTC 2026
// 同步 ID: b640f7c9 @ Fri Jul 31 17:42:40 UTC 2026
